2019-01-21 15:53:02.545 - 4 chiffres de la combinaison
2019-01-21 15:53:02.549 - Nombre max de coups 4
2019-01-21 15:53:02.549 - chiffre max pour les tirages ordinateur= 9
2019-01-21 15:53:02.549 - Dev mode= true
2019-01-21 15:53:02.551 - Choisissez le jeu souhaité:
2019-01-21 15:53:02.551 - 1- Recherche +/-
2019-01-21 15:53:02.551 - 2- Mastermind
2019-01-21 15:53:27.777 - jeu choisi 2
2019-01-21 15:53:27.777 - Choisissez le mode du jeu:
2019-01-21 15:53:27.777 - 1- Challenger
2019-01-21 15:53:27.777 - 2- Defender
2019-01-21 15:53:27.777 - 3- Duel
2019-01-21 15:53:28.781 - Mode de jeu choisi 1
2019-01-21 15:53:28.788 - Combinaison de l'IA 6337
2019-01-21 15:53:28.789 - Entrez les 4
2019-01-21 15:53:28.789 - chiffres de votre proposition 
2019-01-21 15:53:35.658 - Proposition 1: 4562
2019-01-21 15:53:35.659 - 0 chiffres bien présents et bien placés
2019-01-21 15:53:35.659 - 1 chiffres bien présents et mal placés
2019-01-21 15:53:35.659 - Entrez les 4
2019-01-21 15:53:35.659 - chiffres de votre proposition 
2019-01-21 15:53:38.690 - Proposition 2: 1236
2019-01-21 15:53:38.691 - 1 chiffres bien présents et bien placés
2019-01-21 15:53:38.691 - 1 chiffres bien présents et mal placés
2019-01-21 15:53:38.691 - Entrez les 4
2019-01-21 15:53:38.691 - chiffres de votre proposition 
2019-01-21 15:53:46.030 - Proposition 3: 6337
2019-01-21 15:53:46.030 - 4 chiffres bien présents et bien placés
2019-01-21 15:53:46.030 - 0 chiffres bien présents et mal placés
2019-01-21 15:53:46.030 - Success ! Vous avez trouvé la combinaison en 
2019-01-21 15:53:46.030 - 3 essais
2019-01-21 15:53:46.031 - Souhaitez-vous  
2019-01-21 15:53:46.031 - 1-rejouer?  
2019-01-21 15:53:46.031 - 2-quitter?  
2019-01-21 15:53:47.522 - Réponse 2
